MIF/HEX Update report for LogicalStep
Tue Jan 14 14:55:05 2020
Quartus Prime Version 15.1.0 Build 185 10/21/2015 SJ Standard Edition


---------------------
; Table of Contents ;
---------------------
  1. Legal Notice
  2. MIF/HEX Update Summary
  3. MIF/HEX Update Processed Files
  4. MIF/HEX Update Messages



----------------
; Legal Notice ;
----------------
Copyright (C) 1991-2015 Altera Corporation. All rights reserved.
Your use of Altera Corporation's design tools, logic functions 
and other software and tools, and its AMPP partner logic 
functions, and any output files from any of the foregoing 
(including device programming or simulation files), and any 
associated documentation or information are expressly subject 
to the terms and conditions of the Altera Program License 
Subscription Agreement, the Altera Quartus Prime License Agreement,
the Altera MegaCore Function License Agreement, or other 
applicable license agreement, including, without limitation, 
that your use is for the sole purpose of programming logic 
devices manufactured by Altera and sold by Altera or its 
authorized distributors.  Please refer to the applicable 
agreement for further details.



+---------------------------------------------------------------+
; MIF/HEX Update Summary                                        ;
+-----------------------+---------------------------------------+
; MIF/HEX Update Status ; Successful - Tue Jan 14 14:55:05 2020 ;
; Revision Name         ; LogicalStep                           ;
; Top-level Entity Name ; LogicalStep                           ;
; Family                ; MAX 10                                ;
; Device                ; 10M08SAE144C8G                        ;
+-----------------------+---------------------------------------+


+----------------------------------------------+
; MIF/HEX Update Processed Files               ;
+----------------------------------------------+
; File Name                                    ;
+----------------------------------------------+
; P:/ECE222/LogicalStep_RISCV/software/mem.hex ;
+----------------------------------------------+


+-------------------------+
; MIF/HEX Update Messages ;
+-------------------------+
Info: *******************************************************************
Info: Running Quartus Prime MIF/HEX Update
    Info: Version 15.1.0 Build 185 10/21/2015 SJ Standard Edition
    Info: Copyright (C) 1991-2015 Altera Corporation. All rights reserved.
    Info: Your use of Altera Corporation's design tools, logic functions 
    Info: and other software and tools, and its AMPP partner logic 
    Info: functions, and any output files from any of the foregoing 
    Info: (including device programming or simulation files), and any 
    Info: associated documentation or information are expressly subject 
    Info: to the terms and conditions of the Altera Program License 
    Info: Subscription Agreement, the Altera Quartus Prime License Agreement,
    Info: the Altera MegaCore Function License Agreement, or other 
    Info: applicable license agreement, including, without limitation, 
    Info: that your use is for the sole purpose of programming logic 
    Info: devices manufactured by Altera and sold by Altera or its 
    Info: authorized distributors.  Please refer to the applicable 
    Info: agreement for further details.
    Info: Processing started: Tue Jan 14 14:54:58 2020
Info: Command: quartus_cdb --update_mif LogicalStep
Critical Warning (127005): Memory depth (8192) in the design file differs from memory depth (27) in the Memory Initialization File "P:/ECE222/LogicalStep_RISCV/software/mem.hex" -- setting initial value for remaining addresses to 0
Info (39024): Processed the following Memory Initialization File(s)
    Info (39025): Processed Memory Initialization File P:/ECE222/LogicalStep_RISCV/software/mem.hex File: P:/ECE222/LogicalStep_RISCV/software/mem.hex Line: 0
Info: Quartus Prime MIF/HEX Update was successful. 0 errors, 1 warning
    Info: Peak virtual memory: 4936 megabytes
    Info: Processing ended: Tue Jan 14 14:55:05 2020
    Info: Elapsed time: 00:00:07
    Info: Total CPU time (on all processors): 00:00:01


